2026-06-10 09:34:08: Error: Failed to find Server Action "y". This request might be from an older or newer deployment.
2026-06-10 09:34:08: Read more: https://nextjs.org/docs/messages/failed-to-find-server-action
2026-06-10 09:34:08:     at ignore-listed frames
2026-06-10 19:55:14: Error: Failed to find Server Action "x". This request might be from an older or newer deployment.
2026-06-10 19:55:14: Read more: https://nextjs.org/docs/messages/failed-to-find-server-action
2026-06-10 19:55:14:     at ignore-listed frames
2026-06-10 19:55:56: Error: Failed to find Server Action "x". This request might be from an older or newer deployment.
2026-06-10 19:55:56: Read more: https://nextjs.org/docs/messages/failed-to-find-server-action
2026-06-10 19:55:56:     at ignore-listed frames
2026-06-10 19:56:39: Error: Failed to find Server Action "x". This request might be from an older or newer deployment.
2026-06-10 19:56:39: Read more: https://nextjs.org/docs/messages/failed-to-find-server-action
2026-06-10 19:56:39:     at ignore-listed frames
2026-06-11 02:33:39: Error: Failed to find Server Action "x". This request might be from an older or newer deployment.
2026-06-11 02:33:39: Read more: https://nextjs.org/docs/messages/failed-to-find-server-action
2026-06-11 02:33:39:     at ignore-listed frames
2026-06-11 02:33:40: Error: Failed to find Server Action "x". This request might be from an older or newer deployment.
2026-06-11 02:33:40: Read more: https://nextjs.org/docs/messages/failed-to-find-server-action
2026-06-11 02:33:40:     at ignore-listed frames
2026-06-14 00:42:39: Error: Failed to find Server Action "x". This request might be from an older or newer deployment.
2026-06-14 00:42:39: Read more: https://nextjs.org/docs/messages/failed-to-find-server-action
2026-06-14 00:42:39:     at ignore-listed frames
2026-06-14 22:23:27: Error: Failed to find Server Action "x". This request might be from an older or newer deployment.
2026-06-14 22:23:27: Read more: https://nextjs.org/docs/messages/failed-to-find-server-action
2026-06-14 22:23:27:     at ignore-listed frames
2026-06-16 02:01:16: Error: Failed to find Server Action "x". This request might be from an older or newer deployment.
2026-06-16 02:01:16: Read more: https://nextjs.org/docs/messages/failed-to-find-server-action
2026-06-16 02:01:16:     at ignore-listed frames
2026-06-17 21:18:56: Error: Failed to find Server Action "x". This request might be from an older or newer deployment.
2026-06-17 21:18:56: Read more: https://nextjs.org/docs/messages/failed-to-find-server-action
2026-06-17 21:18:56:     at ignore-listed frames
2026-06-17 21:18:56: Error: Failed to find Server Action "x". This request might be from an older or newer deployment.
2026-06-17 21:18:56: Read more: https://nextjs.org/docs/messages/failed-to-find-server-action
2026-06-17 21:18:56:     at ignore-listed frames
2026-06-17 21:18:57: Error: Failed to find Server Action "x". This request might be from an older or newer deployment.
2026-06-17 21:18:57: Read more: https://nextjs.org/docs/messages/failed-to-find-server-action
2026-06-17 21:18:57:     at ignore-listed frames
2026-06-18 00:02:06: Error: Failed to find Server Action "62a31bb28151b44b851b077e2489c6dee50e4975". This request might be from an older or newer deployment.
2026-06-18 00:02:06: Read more: https://nextjs.org/docs/messages/failed-to-find-server-action
2026-06-18 00:02:06:     at ignore-listed frames
2026-06-18 00:02:07: Error: Failed to find Server Action. This request might be from an older or newer deployment.
2026-06-18 00:02:07: Read more: https://nextjs.org/docs/messages/failed-to-find-server-action
2026-06-18 00:02:07:     at ignore-listed frames
2026-06-18 00:02:07: Error: Failed to find Server Action. This request might be from an older or newer deployment.
2026-06-18 00:02:07: Read more: https://nextjs.org/docs/messages/failed-to-find-server-action
2026-06-18 00:02:07:     at ignore-listed frames
2026-06-18 00:02:07: Error: Failed to find Server Action. This request might be from an older or newer deployment.
2026-06-18 00:02:07: Read more: https://nextjs.org/docs/messages/failed-to-find-server-action
2026-06-18 00:02:07:     at ignore-listed frames
2026-06-18 00:02:08: Error: Failed to find Server Action. This request might be from an older or newer deployment.
2026-06-18 00:02:08: Read more: https://nextjs.org/docs/messages/failed-to-find-server-action
2026-06-18 00:02:08:     at ignore-listed frames
2026-06-18 00:02:08: Error: Failed to find Server Action. This request might be from an older or newer deployment.
2026-06-18 00:02:08: Read more: https://nextjs.org/docs/messages/failed-to-find-server-action
2026-06-18 00:02:08:     at ignore-listed frames
2026-06-18 00:02:08: Error: Failed to find Server Action. This request might be from an older or newer deployment.
2026-06-18 00:02:08: Read more: https://nextjs.org/docs/messages/failed-to-find-server-action
2026-06-18 00:02:08:     at ignore-listed frames
2026-06-22 08:49:54: Error: Failed to find Server Action "x". This request might be from an older or newer deployment.
2026-06-22 08:49:54: Read more: https://nextjs.org/docs/messages/failed-to-find-server-action
2026-06-22 08:49:54:     at ignore-listed frames
2026-06-22 08:49:54: Error: Failed to find Server Action "x". This request might be from an older or newer deployment.
2026-06-22 08:49:54: Read more: https://nextjs.org/docs/messages/failed-to-find-server-action
2026-06-22 08:49:54:     at ignore-listed frames
2026-06-24 08:34:41: Error: Failed to find Server Action "x". This request might be from an older or newer deployment.
2026-06-24 08:34:41: Read more: https://nextjs.org/docs/messages/failed-to-find-server-action
2026-06-24 08:34:41:     at ignore-listed frames
2026-06-24 08:34:42: Error: Failed to find Server Action "x". This request might be from an older or newer deployment.
2026-06-24 08:34:42: Read more: https://nextjs.org/docs/messages/failed-to-find-server-action
2026-06-24 08:34:42:     at ignore-listed frames
2026-06-24 08:52:15: Error: Failed to find Server Action "x". This request might be from an older or newer deployment.
2026-06-24 08:52:15: Read more: https://nextjs.org/docs/messages/failed-to-find-server-action
2026-06-24 08:52:15:     at ignore-listed frames
2026-06-24 08:52:17: Error: Failed to find Server Action "x". This request might be from an older or newer deployment.
2026-06-24 08:52:17: Read more: https://nextjs.org/docs/messages/failed-to-find-server-action
2026-06-24 08:52:17:     at ignore-listed frames
