2026-06-05 01:21:15: ▲ Next.js 16.1.6
2026-06-05 01:21:15: - Local:         http://localhost:3777
2026-06-05 01:21:15: - Network:       http://172.26.4.247:3777
2026-06-05 01:21:15: 
2026-06-05 01:21:15: ✓ Starting...
2026-06-05 01:21:16: ✓ Ready in 751ms
2026-06-05 18:11:25: ▲ Next.js 16.1.6
2026-06-05 18:11:25: - Local:         http://localhost:3777
2026-06-05 18:11:25: - Network:       http://172.26.4.247:3777
2026-06-05 18:11:25: 
2026-06-05 18:11:25: ✓ Starting...
2026-06-05 18:11:26: ✓ Ready in 1286ms
2026-06-10 23:23:04: ▲ Next.js 16.1.6
2026-06-10 23:23:04: - Local:         http://localhost:3777
2026-06-10 23:23:04: - Network:       http://172.26.4.247:3777
2026-06-10 23:23:04: 
2026-06-10 23:23:04: ✓ Starting...
2026-06-10 23:23:04: ✓ Ready in 1191ms
2026-06-11 23:09:40: ▲ Next.js 16.1.6
2026-06-11 23:09:40: - Local:         http://localhost:3777
2026-06-11 23:09:40: - Network:       http://172.26.4.247:3777
2026-06-11 23:09:40: 
2026-06-11 23:09:40: ✓ Starting...
2026-06-11 23:09:41: ✓ Ready in 1297ms
2026-06-12 16:38:25: ▲ Next.js 16.1.6
2026-06-12 16:38:25: - Local:         http://localhost:3777
2026-06-12 16:38:25: - Network:       http://172.26.4.247:3777
2026-06-12 16:38:25: 
2026-06-12 16:38:25: ✓ Starting...
2026-06-12 16:38:26: ✓ Ready in 1397ms
2026-06-12 19:08:52: ▲ Next.js 16.1.6
2026-06-12 19:08:52: - Local:         http://localhost:3777
2026-06-12 19:08:52: - Network:       http://172.26.4.247:3777
2026-06-12 19:08:52: 
2026-06-12 19:08:52: ✓ Starting...
2026-06-12 19:08:53: ✓ Ready in 1311ms
2026-06-12 19:44:34: ▲ Next.js 16.1.6
2026-06-12 19:44:34: - Local:         http://localhost:3777
2026-06-12 19:44:34: - Network:       http://172.26.4.247:3777
2026-06-12 19:44:34: 
2026-06-12 19:44:34: ✓ Starting...
2026-06-12 19:44:35: ✓ Ready in 1195ms
2026-06-13 01:28:19: ▲ Next.js 16.1.6
2026-06-13 01:28:19: - Local:         http://localhost:3777
2026-06-13 01:28:19: - Network:       http://172.26.4.247:3777
2026-06-13 01:28:19: 
2026-06-13 01:28:19: ✓ Starting...
2026-06-13 01:28:20: ✓ Ready in 1405ms
2026-06-13 01:52:30: ▲ Next.js 16.1.6
2026-06-13 01:52:30: - Local:         http://localhost:3777
2026-06-13 01:52:30: - Network:       http://172.26.4.247:3777
2026-06-13 01:52:30: 
2026-06-13 01:52:30: ✓ Starting...
2026-06-13 01:52:31: ✓ Ready in 1301ms
2026-06-13 03:02:04: ▲ Next.js 16.1.6
2026-06-13 03:02:04: - Local:         http://localhost:3777
2026-06-13 03:02:04: - Network:       http://172.26.4.247:3777
2026-06-13 03:02:04: 
2026-06-13 03:02:04: ✓ Starting...
2026-06-13 03:02:05: ✓ Ready in 1445ms
2026-06-13 03:48:03: ▲ Next.js 16.1.6
2026-06-13 03:48:03: - Local:         http://localhost:3777
2026-06-13 03:48:03: - Network:       http://172.26.4.247:3777
2026-06-13 03:48:03: 
2026-06-13 03:48:03: ✓ Starting...
2026-06-13 03:48:04: ✓ Ready in 1872ms
2026-06-15 17:39:55: ▲ Next.js 16.1.6
2026-06-15 17:39:55: - Local:         http://localhost:3777
2026-06-15 17:39:55: - Network:       http://172.26.4.247:3777
2026-06-15 17:39:55: 
2026-06-15 17:39:55: ✓ Starting...
2026-06-15 17:39:56: ✓ Ready in 1408ms
2026-06-15 18:34:38: ▲ Next.js 16.1.6
2026-06-15 18:34:38: - Local:         http://localhost:3777
2026-06-15 18:34:38: - Network:       http://172.26.4.247:3777
2026-06-15 18:34:38: 
2026-06-15 18:34:38: ✓ Starting...
2026-06-15 18:34:39: ✓ Ready in 1425ms
2026-06-16 04:29:12: ▲ Next.js 16.1.6
2026-06-16 04:29:12: - Local:         http://localhost:3777
2026-06-16 04:29:12: - Network:       http://172.26.4.247:3777
2026-06-16 04:29:12: 
2026-06-16 04:29:12: ✓ Starting...
2026-06-16 04:29:12: ✓ Ready in 1220ms
2026-06-16 10:53:16: ▲ Next.js 16.1.6
2026-06-16 10:53:16: - Local:         http://localhost:3777
2026-06-16 10:53:16: - Network:       http://172.26.4.247:3777
2026-06-16 10:53:16: 
2026-06-16 10:53:16: ✓ Starting...
2026-06-16 10:53:17: ✓ Ready in 1323ms
2026-06-18 01:30:14: ▲ Next.js 16.1.6
2026-06-18 01:30:14: - Local:         http://localhost:3777
2026-06-18 01:30:14: - Network:       http://172.26.4.247:3777
2026-06-18 01:30:14: 
2026-06-18 01:30:14: ✓ Starting...
2026-06-18 01:30:15: ✓ Ready in 1421ms
2026-06-18 14:32:30: ▲ Next.js 16.1.6
2026-06-18 14:32:30: - Local:         http://localhost:3777
2026-06-18 14:32:30: - Network:       http://172.26.4.247:3777
2026-06-18 14:32:30: 
2026-06-18 14:32:30: ✓ Starting...
2026-06-18 14:32:31: ✓ Ready in 1272ms
2026-06-18 20:21:03: ▲ Next.js 16.1.6
2026-06-18 20:21:03: - Local:         http://localhost:3777
2026-06-18 20:21:03: - Network:       http://172.26.4.247:3777
2026-06-18 20:21:03: 
2026-06-18 20:21:03: ✓ Starting...
2026-06-18 20:21:04: ✓ Ready in 1441ms
